2026-09-30 10:52:28,007 INFO  org.example.service.BankAccountService - Начата операция списания денежных средств 20.0 со счета 5e0e49db-ff88-406d-876d-07906fb8e34f
2026-09-30 10:52:28,013 WARN  org.example.service.BankAccountService - Сумма 20.0 превышает баланс
2026-09-30 10:52:28,018 INFO  org.example.service.BankAccountService - Начата операция списания денежных средств 10.0 со счета ba672e80-f2d8-4fee-990d-6a99e8ecce21
2026-09-30 10:52:28,021 INFO  org.example.service.BankAccountService - Начата операция трансфера между ddb36542-aab0-453e-a6ee-aa5e77542d4a и 8dc58970-1b68-4eda-a62b-9a3ef3c3b503 суммы 10.0
2026-09-30 10:52:28,024 INFO  org.example.service.BankAccountService - Начата операция трансфера между c31ee852-7017-4c37-b2d0-8b3801dee6ce и 50770aa1-5499-4896-9f4a-2c5ac07e6afc суммы 20.0
2026-09-30 10:52:28,024 WARN  org.example.service.BankAccountService - Превышение возможной суммы списания
2026-09-30 10:52:28,026 INFO  org.example.service.BankAccountService - Начата работа по начислению денежных средств 10.0 на счет 4a571df4-4488-4b63-8384-af96c077de9a
2026-09-30 10:52:28,030 INFO  org.example.service.BankAccountService - Начата операция списания денежных средств 20.0 со счета 8cf79c9e-711f-461f-9305-c93758611f11
2026-09-30 10:52:28,032 INFO  org.example.service.BankAccountService - Завершена операция списания 20.0 со счета 8cf79c9e-711f-461f-9305-c93758611f11
2026-09-30 10:52:28,034 INFO  org.example.service.BankAccountService - Начата операция трансфера между 91cabbe1-b58e-4d89-8cb1-e4eb72a14f2b и d64c7fbf-ec77-4510-9d66-45bc85afeaec суммы 10.0
2026-09-30 10:52:28,035 INFO  org.example.service.BankAccountService - Операция по переводу средств 10.0 со счета 91cabbe1-b58e-4d89-8cb1-e4eb72a14f2b на счет d64c7fbf-ec77-4510-9d66-45bc85afeaec завершена
2026-09-30 10:52:28,038 INFO  org.example.service.BankAccountService - Начата работа по начислению денежных средств 20.0 на счет 64f4adeb-c155-4cdc-a0ec-08d8b6827222
2026-09-30 10:52:28,038 INFO  org.example.service.BankAccountService - Денежные средства 20.0 зачислены на счет 64f4adeb-c155-4cdc-a0ec-08d8b6827222
2026-09-30 10:52:28,041 INFO  org.example.service.BankAccountService - Начата операция трансфера между ef16d695-4594-4d67-a111-3d4ab1afa47c и a51e5a18-e3cb-446b-b1a6-278a49c3ceea суммы 0
2026-09-30 10:52:28,041 WARN  org.example.service.BankAccountService - Передано отрицательное значение суммы. Сумма 0, id отправляемого счета ef16d695-4594-4d67-a111-3d4ab1afa47c
2026-09-30 10:52:28,043 INFO  org.example.service.BankAccountService - Начата операция списания денежных средств 0 со счета beef4dcf-7a34-4d41-af4f-1330c81d4683
2026-09-30 10:52:28,044 WARN  org.example.service.BankAccountService - Передана не валидная сумма: 0
2026-09-30 10:52:28,045 INFO  org.example.service.BankAccountService - Начата операция трансфера между 74b95319-7b84-4af3-8f12-293bd6a3e1dd и 74b95319-7b84-4af3-8f12-293bd6a3e1dd суммы 10.0
2026-09-30 10:52:28,045 WARN  org.example.service.BankAccountService - Попытка отправки на один и тот же счет id 74b95319-7b84-4af3-8f12-293bd6a3e1dd
2026-09-30 10:52:28,047 INFO  org.example.service.BankAccountService - Начата работа по начислению денежных средств 0 на счет c516c52a-ea00-471d-bc43-1c984efdc664
2026-09-30 10:52:28,047 WARN  org.example.service.BankAccountService - Передано отрицательное значение суммы. Сумма: 0, счет: c516c52a-ea00-471d-bc43-1c984efdc664
2026-09-30 10:52:28,068 INFO  org.example.service.PersonService - Начата операция по регистрации пользователя
2026-09-30 10:52:28,069 INFO  org.example.service.PersonService - Начата операция по регистрации данных для входа
2026-09-30 10:52:28,256 INFO  org.example.service.PersonService - Пользователь успешно зарегистрирован
2026-09-30 10:52:28,265 INFO  org.example.service.PersonService - Начата операция создания счета для пользователя 940dde68-1c12-4ce1-8377-3218a8fc7820
2026-09-30 10:52:28,266 INFO  org.example.service.PersonService - Счет успешно зарегистрирован
2026-09-30 11:39:27,147 INFO  org.example.service.PersonService - Начата операция по регистрации пользователя
2026-09-30 11:39:27,154 INFO  org.example.service.PersonService - Начата операция по регистрации данных для входа
2026-09-30 11:39:27,392 INFO  org.example.service.PersonService - Пользователь успешно зарегистрирован
2026-09-30 11:39:27,417 INFO  org.example.service.PersonService - Начата операция создания счета для пользователя 009567ef-6729-4a70-8b83-36b0c58cddaf
2026-09-30 11:39:27,421 INFO  org.example.service.PersonService - Счет успешно зарегистрирован
2026-09-30 11:41:18,970 INFO  org.example.service.PersonService - Начата операция удаления счета
2026-09-30 11:41:18,973 INFO  org.example.service.PersonService - Счет id de367283-f8f5-4af5-9dc6-3d091ffd7e83 успешно удален
2026-09-30 11:41:32,451 INFO  org.example.service.PersonService - Начата операция удаления счета
2026-09-30 11:41:32,454 INFO  org.example.service.PersonService - Счет id d6e82468-6d11-479b-b2b2-99a3930a99f5 успешно удален
2026-09-30 13:05:44,666 INFO  org.example.service.PersonService - Начата операция по авторизации пользователя login
2026-09-30 13:05:44,668 INFO  org.example.service.PersonService - Операция по авторизации закончена
2026-09-30 13:11:18,995 INFO  org.example.service.PersonService - Начата операция по авторизации пользователя login
2026-09-30 13:19:03,829 INFO  org.example.service.PersonService - Начата операция по авторизации пользователя login
2026-09-30 13:19:03,832 INFO  org.example.service.PersonService - Операция по авторизации закончена
2026-09-30 13:19:32,643 INFO  org.example.service.PersonService - Начата операция по авторизации пользователя login
2026-09-30 13:19:32,645 WARN  org.example.service.PersonService - Пользователь ввел не верный пароль
2026-09-30 13:43:23,986 INFO  org.example.service.PersonService - Начата операция создания счета для пользователя null
2026-09-30 13:44:13,442 INFO  org.example.service.PersonService - Начата операция создания счета для пользователя 7d77dbe8-1fa6-40b2-adba-f6b4aeaf944a
2026-09-30 13:44:13,444 WARN  org.example.service.PersonService - Пользователь с id 7d77dbe8-1fa6-40b2-adba-f6b4aeaf944a не найден в базе
2026-09-30 13:46:41,750 INFO  org.example.service.PersonService - Начата операция создания счета для пользователя 63760277-49f2-45f9-b5c4-061641fb8c53
2026-09-30 13:46:41,752 WARN  org.example.service.PersonService - Пользователь с id 63760277-49f2-45f9-b5c4-061641fb8c53 не найден в базе
2026-09-30 13:46:41,759 INFO  org.example.service.PersonService - Начата операция удаления счета
2026-09-30 13:46:41,759 WARN  org.example.service.PersonService - Пользователь id 5ee7cdc4-c73e-428a-aae6-b8d3cbd9671f отсутствует в базе
2026-09-30 13:46:47,361 INFO  org.example.service.PersonService - Начата операция создания счета для пользователя d943760f-0fb9-4546-a1d5-227c92c75069
2026-09-30 13:46:47,362 WARN  org.example.service.PersonService - Пользователь с id d943760f-0fb9-4546-a1d5-227c92c75069 не найден в базе
2026-09-30 13:46:47,369 INFO  org.example.service.PersonService - Начата операция удаления счета
2026-09-30 13:46:47,370 WARN  org.example.service.PersonService - Пользователь id e3f66298-8c8c-40b6-8c46-e192bf423ad7 отсутствует в базе
2026-09-30 13:46:47,391 INFO  org.example.service.PersonService - Начата операция по авторизации пользователя login
2026-09-30 13:46:47,392 WARN  org.example.service.PersonService - Пользователь ввел не верный пароль
2026-09-30 13:46:47,397 INFO  org.example.service.PersonService - Начата операция по авторизации пользователя login
2026-09-30 13:46:47,398 INFO  org.example.service.PersonService - Операция по авторизации закончена
2026-09-30 13:46:47,403 INFO  org.example.service.PersonService - Начата операция по авторизации пользователя login
2026-09-30 13:46:47,407 INFO  org.example.service.PersonService - Начата операция по регистрации пользователя
2026-09-30 13:46:47,407 INFO  org.example.service.PersonService - Начата операция по регистрации данных для входа
2026-09-30 13:46:47,560 INFO  org.example.service.PersonService - Пользователь успешно зарегистрирован
2026-09-30 13:46:47,568 INFO  org.example.service.PersonService - Начата операция удаления счета
2026-09-30 13:46:47,569 INFO  org.example.service.PersonService - Счет id 0ee4bb37-770a-4ccc-ba2b-a585e0d3a399 успешно удален
2026-09-30 13:46:47,571 INFO  org.example.service.PersonService - Начата операция создания счета для пользователя 7c4a27d5-0de1-4653-bd8f-b4473edad9aa
2026-09-30 13:46:47,573 INFO  org.example.service.PersonService - Счет успешно зарегистрирован
2026-09-30 13:47:11,154 INFO  org.example.service.PersonService - Начата операция создания счета для пользователя a649eb80-3700-46b7-95d5-9d5ab1c4e40f
2026-09-30 13:47:11,156 WARN  org.example.service.PersonService - Пользователь с id a649eb80-3700-46b7-95d5-9d5ab1c4e40f не найден в базе
2026-09-30 13:47:11,167 INFO  org.example.service.PersonService - Начата операция удаления счета
2026-09-30 13:47:11,167 WARN  org.example.service.PersonService - Пользователь id 275aa164-26df-46f4-8510-f0902b840bce отсутствует в базе
2026-09-30 13:47:11,194 INFO  org.example.service.PersonService - Начата операция по авторизации пользователя login
2026-09-30 13:47:11,195 WARN  org.example.service.PersonService - Пользователь ввел не верный пароль
2026-09-30 13:47:11,198 INFO  org.example.service.PersonService - Начата операция по авторизации пользователя login
2026-09-30 13:47:11,199 INFO  org.example.service.PersonService - Операция по авторизации закончена
2026-09-30 13:47:11,203 INFO  org.example.service.PersonService - Начата операция по авторизации пользователя login
2026-09-30 13:47:11,206 INFO  org.example.service.PersonService - Начата операция по регистрации пользователя
2026-09-30 13:47:11,206 INFO  org.example.service.PersonService - Начата операция по регистрации данных для входа
2026-09-30 13:47:11,364 INFO  org.example.service.PersonService - Пользователь успешно зарегистрирован
2026-09-30 13:47:11,369 INFO  org.example.service.PersonService - Начата операция удаления счета
2026-09-30 13:47:11,369 INFO  org.example.service.PersonService - Счет id a0593d82-08d0-4ca3-ab70-971a6308206e успешно удален
2026-09-30 13:47:11,371 INFO  org.example.service.PersonService - Начата операция создания счета для пользователя 47d7b2a5-6439-4c07-9a9a-7e1387d9f27d
2026-09-30 13:47:11,372 INFO  org.example.service.PersonService - Счет успешно зарегистрирован
2026-09-30 15:18:30,591 INFO  org.example.service.PersonService - Начата операция создания счета для пользователя bab601a7-5cc8-4edc-b74f-b20ab002dfb6
2026-09-30 15:18:30,593 WARN  org.example.service.PersonService - Пользователь с id bab601a7-5cc8-4edc-b74f-b20ab002dfb6 не найден в базе
2026-09-30 15:18:30,606 INFO  org.example.service.PersonService - Начата операция удаления счета
2026-09-30 15:18:30,606 WARN  org.example.service.PersonService - Пользователь id 1720327a-df80-4d41-a90e-42839dd726cf отсутствует в базе
2026-09-30 15:18:30,635 INFO  org.example.service.PersonService - Начата операция по авторизации пользователя login
2026-09-30 15:18:30,637 WARN  org.example.service.PersonService - Пользователь ввел не верный пароль
2026-09-30 15:18:30,641 INFO  org.example.service.PersonService - Начата операция по авторизации пользователя login
2026-09-30 15:18:30,641 INFO  org.example.service.PersonService - Операция по авторизации закончена
2026-09-30 15:18:30,643 INFO  org.example.service.PersonService - Начата операция по авторизации пользователя login
2026-09-30 15:18:30,647 INFO  org.example.service.PersonService - Начата операция по регистрации пользователя
2026-09-30 15:18:30,647 INFO  org.example.service.PersonService - Начата операция по регистрации данных для входа
2026-09-30 15:18:30,802 INFO  org.example.service.PersonService - Пользователь успешно зарегистрирован
2026-09-30 15:18:30,806 INFO  org.example.service.PersonService - Начата операция удаления счета
2026-09-30 15:18:30,807 INFO  org.example.service.PersonService - Счет id 974bda47-6d68-487f-823d-473808576dd9 успешно удален
2026-09-30 15:18:30,809 INFO  org.example.service.PersonService - Начата операция создания счета для пользователя c880f513-5313-4bab-9d7f-8af1fd24ecaa
2026-09-30 15:18:30,811 INFO  org.example.service.PersonService - Счет успешно зарегистрирован
2026-09-30 15:19:12,686 INFO  org.example.service.PersonService - Начата операция создания счета для пользователя ba1650fe-86cd-46fb-9260-9d67697b08be
2026-09-30 15:19:12,688 WARN  org.example.service.PersonService - Пользователь с id ba1650fe-86cd-46fb-9260-9d67697b08be не найден в базе
2026-09-30 15:19:12,696 INFO  org.example.service.PersonService - Начата операция удаления счета
2026-09-30 15:19:12,697 WARN  org.example.service.PersonService - Пользователь id 75686963-96bf-482f-8847-f2a6eb21aa21 отсутствует в базе
2026-09-30 15:19:12,714 INFO  org.example.service.PersonService - Начата операция по авторизации пользователя login
2026-09-30 15:19:12,715 WARN  org.example.service.PersonService - Пользователь ввел не верный пароль
2026-09-30 15:19:12,720 INFO  org.example.service.PersonService - Начата операция по авторизации пользователя login
2026-09-30 15:19:12,720 INFO  org.example.service.PersonService - Операция по авторизации закончена
2026-09-30 15:19:12,724 INFO  org.example.service.PersonService - Начата операция по авторизации пользователя login
2026-09-30 15:19:12,728 INFO  org.example.service.PersonService - Начата операция по регистрации пользователя
2026-09-30 15:19:12,729 INFO  org.example.service.PersonService - Начата операция по регистрации данных для входа
2026-09-30 15:19:12,880 INFO  org.example.service.PersonService - Пользователь успешно зарегистрирован
2026-09-30 15:19:12,888 INFO  org.example.service.PersonService - Начата операция удаления счета
2026-09-30 15:19:12,888 INFO  org.example.service.PersonService - Счет id b3ad8b9a-4611-44da-a4f3-b0faef862bc2 успешно удален
2026-09-30 15:19:12,890 INFO  org.example.service.PersonService - Начата операция создания счета для пользователя 4d5b73fd-f3a7-4215-a08d-021b6b2cf4ce
2026-09-30 15:19:12,892 INFO  org.example.service.PersonService - Счет успешно зарегистрирован
2026-09-30 15:20:02,302 INFO  org.example.service.PersonService - Начата операция создания счета для пользователя f7e330f8-860f-4885-b309-eba89fe556e1
2026-09-30 15:20:02,304 WARN  org.example.service.PersonService - Пользователь с id f7e330f8-860f-4885-b309-eba89fe556e1 не найден в базе
2026-09-30 15:20:02,312 INFO  org.example.service.PersonService - Начата операция удаления счета
2026-09-30 15:20:02,313 WARN  org.example.service.PersonService - Пользователь id e218d51a-78e9-4501-aa10-f627a7c6c945 отсутствует в базе
2026-09-30 15:20:02,340 INFO  org.example.service.PersonService - Начата операция по авторизации пользователя login
2026-09-30 15:20:02,341 WARN  org.example.service.PersonService - Пользователь ввел не верный пароль
2026-09-30 15:20:02,345 INFO  org.example.service.PersonService - Начата операция по авторизации пользователя login
2026-09-30 15:20:02,345 INFO  org.example.service.PersonService - Операция по авторизации закончена
2026-09-30 15:20:02,347 INFO  org.example.service.PersonService - Начата операция по авторизации пользователя login
2026-09-30 15:20:02,351 INFO  org.example.service.PersonService - Начата операция по регистрации пользователя
2026-09-30 15:20:02,351 INFO  org.example.service.PersonService - Начата операция по регистрации данных для входа
2026-09-30 15:20:02,557 INFO  org.example.service.PersonService - Пользователь успешно зарегистрирован
2026-09-30 15:20:02,562 INFO  org.example.service.PersonService - Начата операция удаления счета
2026-09-30 15:20:02,563 INFO  org.example.service.PersonService - Счет id a2fb91f4-cc00-4107-824e-5b48d44f15fe успешно удален
2026-09-30 15:20:02,565 INFO  org.example.service.PersonService - Начата операция создания счета для пользователя ee47b7d4-425d-4176-a22e-3831809a6590
2026-09-30 15:20:02,567 INFO  org.example.service.PersonService - Счет успешно зарегистрирован
2026-09-30 16:35:07,055 INFO  org.example.service.PersonService - Начата операция создания счета для пользователя e705f06a-63be-4635-974f-0e84eb0e566a
2026-09-30 16:35:07,057 WARN  org.example.service.PersonService - Пользователь с id e705f06a-63be-4635-974f-0e84eb0e566a не найден в базе
2026-09-30 16:35:07,064 INFO  org.example.service.PersonService - Начата операция удаления счета
2026-09-30 16:35:07,065 WARN  org.example.service.PersonService - Пользователь id 9fdcb188-daf2-4f77-a922-1ff26beb350a отсутствует в базе
2026-09-30 16:35:07,083 INFO  org.example.service.PersonService - Начата операция по авторизации пользователя login
2026-09-30 16:35:07,084 WARN  org.example.service.PersonService - Пользователь ввел не верный пароль
2026-09-30 16:35:07,088 INFO  org.example.service.PersonService - Начата операция по авторизации пользователя login
2026-09-30 16:35:07,088 INFO  org.example.service.PersonService - Операция по авторизации закончена
2026-09-30 16:35:07,092 INFO  org.example.service.PersonService - Начата операция по авторизации пользователя login
2026-09-30 16:35:07,096 INFO  org.example.service.PersonService - Начата операция по регистрации пользователя
2026-09-30 16:35:07,096 INFO  org.example.service.PersonService - Начата операция по регистрации данных для входа
2026-09-30 16:35:07,257 INFO  org.example.service.PersonService - Пользователь успешно зарегистрирован
2026-09-30 16:35:07,262 INFO  org.example.service.PersonService - Начата операция удаления счета
2026-09-30 16:35:07,262 INFO  org.example.service.PersonService - Счет id 82c12999-3b73-456c-9590-2c394ce6a127 успешно удален
2026-09-30 16:35:07,265 INFO  org.example.service.PersonService - Начата операция создания счета для пользователя bed09df1-878f-44d2-a024-245098db4c59
2026-09-30 16:35:07,269 INFO  org.example.service.PersonService - Счет успешно зарегистрирован
2026-09-30 16:35:28,837 INFO  org.example.service.PersonService - Начата операция создания счета для пользователя 23101487-57f4-4637-81dc-2f53395417d5
2026-09-30 16:35:28,839 WARN  org.example.service.PersonService - Пользователь с id 23101487-57f4-4637-81dc-2f53395417d5 не найден в базе
2026-09-30 16:35:28,847 INFO  org.example.service.PersonService - Начата операция удаления счета
2026-09-30 16:35:28,847 WARN  org.example.service.PersonService - Пользователь id 5f6423fd-9178-456a-8187-feda27d8e3af отсутствует в базе
2026-09-30 16:35:28,866 INFO  org.example.service.PersonService - Начата операция по авторизации пользователя login
2026-09-30 16:35:28,867 WARN  org.example.service.PersonService - Пользователь ввел не верный пароль
2026-09-30 16:35:28,871 INFO  org.example.service.PersonService - Начата операция по авторизации пользователя login
2026-09-30 16:35:28,872 INFO  org.example.service.PersonService - Операция по авторизации закончена
2026-09-30 16:35:28,875 INFO  org.example.service.PersonService - Начата операция по авторизации пользователя login
2026-09-30 16:35:28,878 INFO  org.example.service.PersonService - Начата операция по регистрации пользователя
2026-09-30 16:35:28,879 INFO  org.example.service.PersonService - Начата операция по регистрации данных для входа
2026-09-30 16:35:29,043 INFO  org.example.service.PersonService - Пользователь успешно зарегистрирован
2026-09-30 16:35:29,050 INFO  org.example.service.PersonService - Начата операция удаления счета
2026-09-30 16:35:29,051 INFO  org.example.service.PersonService - Счет id a6dff92d-47e5-4842-a45c-f16608609dce успешно удален
2026-09-30 16:35:29,053 INFO  org.example.service.PersonService - Начата операция создания счета для пользователя 6b94f223-5552-4203-b5fc-87ae1837f5d5
2026-09-30 16:35:29,056 INFO  org.example.service.PersonService - Счет успешно зарегистрирован
2026-09-30 16:35:51,817 INFO  org.example.service.BankAccountService - Начата операция списания денежных средств 20.0 со счета fe85369e-9a58-4389-8669-f5b94486eb3b
2026-09-30 16:35:51,829 INFO  org.example.service.BankAccountService - Начата операция списания денежных средств 10.0 со счета ca165d0a-12f6-41f4-a465-7c076db84659
2026-09-30 16:35:51,834 INFO  org.example.service.BankAccountService - Начата операция трансфера между c75c1891-019e-4ab8-bc42-ced26668b15f и 4cb2bee4-19cf-4822-af0d-42dd1bcadbe6 суммы 10.0
2026-09-30 16:35:51,837 INFO  org.example.service.BankAccountService - Начата операция трансфера между c670e0f2-0eaa-4c4a-84af-852132acf403 и b6bd6db6-7664-4cac-8710-7b662b219efd суммы 20.0
2026-09-30 16:35:51,840 INFO  org.example.service.BankAccountService - Начата работа по начислению денежных средств 10.0 на счет b61dca0f-811a-42f8-9e3c-6709fc834d53
2026-09-30 16:35:51,845 INFO  org.example.service.BankAccountService - Начата операция списания денежных средств 20.0 со счета e935af5b-baa1-40e2-809c-d3735de4ed1e
2026-09-30 16:35:51,845 WARN  org.example.service.BankAccountService - Сумма 20.0 превышает баланс
2026-09-30 16:35:51,849 INFO  org.example.service.BankAccountService - Начата операция трансфера между 8c56d407-9b15-4bb8-92de-d6c0fea1a5ce и f502ee86-3538-4135-9688-4e2a36c02f09 суммы 10.0
2026-09-30 16:35:51,849 WARN  org.example.service.BankAccountService - Превышение возможной суммы списания
2026-09-30 16:35:51,852 INFO  org.example.service.BankAccountService - Начата работа по начислению денежных средств 20.0 на счет 00ed6b02-3de4-48b2-be35-f162aee93349
2026-09-30 16:35:51,854 INFO  org.example.service.BankAccountService - Денежные средства 20.0 зачислены на счет 00ed6b02-3de4-48b2-be35-f162aee93349
2026-09-30 16:35:51,859 INFO  org.example.service.BankAccountService - Начата операция трансфера между 1443c20a-7b40-4a32-b5c3-0516f591eb4a и 50f14928-35a8-465a-a50f-d3d16d01c51b суммы 0
2026-09-30 16:35:51,859 WARN  org.example.service.BankAccountService - Передано отрицательное значение суммы. Сумма 0, id отправляемого счета 1443c20a-7b40-4a32-b5c3-0516f591eb4a
2026-09-30 16:35:51,861 INFO  org.example.service.BankAccountService - Начата операция списания денежных средств 0 со счета 78dba884-0f44-41b8-b7cc-ea42bb02d10a
2026-09-30 16:35:51,861 WARN  org.example.service.BankAccountService - Передана не валидная сумма: 0
2026-09-30 16:35:51,863 INFO  org.example.service.BankAccountService - Начата операция трансфера между c596fc2f-0b0b-4755-81bb-505bcc659dab и c596fc2f-0b0b-4755-81bb-505bcc659dab суммы 10.0
2026-09-30 16:35:51,863 WARN  org.example.service.BankAccountService - Попытка отправки на один и тот же счет id c596fc2f-0b0b-4755-81bb-505bcc659dab
2026-09-30 16:35:51,865 INFO  org.example.service.BankAccountService - Начата работа по начислению денежных средств 0 на счет 5c827114-9cc8-4d72-882d-e0471e13d188
2026-09-30 16:35:51,865 WARN  org.example.service.BankAccountService - Передано отрицательное значение суммы. Сумма: 0, счет: 5c827114-9cc8-4d72-882d-e0471e13d188
2026-09-30 16:37:53,402 INFO  org.example.service.BankAccountService - Начата операция списания денежных средств 20.0 со счета c2cdbb60-2922-4bdf-9f72-e56aa7c32d50
2026-09-30 16:37:53,404 WARN  org.example.service.BankAccountService - Сумма 20.0 превышает баланс
2026-09-30 16:37:53,411 INFO  org.example.service.BankAccountService - Начата операция списания денежных средств 10.0 со счета 5eaa9b97-0766-49a6-bc16-653983afaf54
2026-09-30 16:37:53,415 INFO  org.example.service.BankAccountService - Начата операция трансфера между 81eb1f4d-9227-434f-abce-a9b92be52d03 и 8852dfee-c83c-41f3-a531-71f1b6c016d4 суммы 10.0
2026-09-30 16:37:53,418 INFO  org.example.service.BankAccountService - Начата операция трансфера между d930233e-31ac-43df-9a65-cc87b2e9b718 и c45c3c2c-6060-4256-9371-d1c3125564ad суммы 20.0
2026-09-30 16:37:53,419 WARN  org.example.service.BankAccountService - Превышение возможной суммы списания
2026-09-30 16:37:53,421 INFO  org.example.service.BankAccountService - Начата работа по начислению денежных средств 10.0 на счет 191ce3c9-14e1-4db2-99d1-ec5196676a7d
2026-09-30 16:37:53,425 INFO  org.example.service.BankAccountService - Начата операция списания денежных средств 20.0 со счета 2e19a14c-7578-4ab9-aa02-bb170e34c1b0
2026-09-30 16:37:53,427 INFO  org.example.service.BankAccountService - Завершена операция списания 20.0 со счета 2e19a14c-7578-4ab9-aa02-bb170e34c1b0
2026-09-30 16:37:53,430 INFO  org.example.service.BankAccountService - Начата операция трансфера между 88b3c3ee-ca49-472a-9147-021ef736b451 и 3db97110-f392-4746-b80a-3d9af8f984f8 суммы 10.0
2026-09-30 16:37:53,431 INFO  org.example.service.BankAccountService - Операция по переводу средств 10.0 со счета 88b3c3ee-ca49-472a-9147-021ef736b451 на счет 3db97110-f392-4746-b80a-3d9af8f984f8 завершена
2026-09-30 16:37:53,434 INFO  org.example.service.BankAccountService - Начата работа по начислению денежных средств 20.0 на счет bfc30cc2-087f-4d5c-9bec-66b2c725ba84
2026-09-30 16:37:53,434 INFO  org.example.service.BankAccountService - Денежные средства 20.0 зачислены на счет bfc30cc2-087f-4d5c-9bec-66b2c725ba84
2026-09-30 16:37:53,437 INFO  org.example.service.BankAccountService - Начата операция трансфера между 4ece64c9-3402-4780-bcfe-b94def705006 и 88706f36-eb55-4e14-bb19-3ed2edb7a51f суммы 0
2026-09-30 16:37:53,437 WARN  org.example.service.BankAccountService - Передано отрицательное значение суммы. Сумма 0, id отправляемого счета 4ece64c9-3402-4780-bcfe-b94def705006
2026-09-30 16:37:53,439 INFO  org.example.service.BankAccountService - Начата операция списания денежных средств 0 со счета a95df10a-fe36-4f7f-96c9-7b40d829c5c8
2026-09-30 16:37:53,439 WARN  org.example.service.BankAccountService - Передана не валидная сумма: 0
2026-09-30 16:37:53,441 INFO  org.example.service.BankAccountService - Начата операция трансфера между f48d2792-6683-44a6-b6d1-8b1a4c333341 и f48d2792-6683-44a6-b6d1-8b1a4c333341 суммы 10.0
2026-09-30 16:37:53,441 WARN  org.example.service.BankAccountService - Попытка отправки на один и тот же счет id f48d2792-6683-44a6-b6d1-8b1a4c333341
2026-09-30 16:37:53,443 INFO  org.example.service.BankAccountService - Начата работа по начислению денежных средств 0 на счет 99555468-6681-48e2-9e4b-02ce4e01a076
2026-09-30 16:37:53,444 WARN  org.example.service.BankAccountService - Передано отрицательное значение суммы. Сумма: 0, счет: 99555468-6681-48e2-9e4b-02ce4e01a076
2026-09-30 16:41:13,173 INFO  org.example.service.BankAccountService - Начата операция списания денежных средств 20.0 со счета 7ea11ac6-e4c3-4fc6-abc3-048a683e9982
2026-09-30 16:41:13,175 WARN  org.example.service.BankAccountService - Сумма 20.0 превышает баланс
2026-09-30 16:41:13,183 INFO  org.example.service.BankAccountService - Начата операция списания денежных средств 10.0 со счета cb516698-874e-4539-8f66-138dc27b0709
2026-09-30 16:41:13,187 INFO  org.example.service.BankAccountService - Начата операция трансфера между 6d261297-1ffc-4db4-8861-b1d6203bcc80 и 0322ddb2-2b93-499a-8ed2-d64cbee3e882 суммы 10.0
2026-09-30 16:41:13,190 INFO  org.example.service.BankAccountService - Начата операция трансфера между ee856a8a-1706-440d-abb2-b166876d0ffa и 8761c05e-8e34-4afd-9677-973c1bc40f03 суммы 20.0
2026-09-30 16:41:13,190 WARN  org.example.service.BankAccountService - Превышение возможной суммы списания
2026-09-30 16:41:13,193 INFO  org.example.service.BankAccountService - Начата работа по начислению денежных средств 10.0 на счет 6e00856d-6479-48cc-9f82-5262c889b6fc
2026-09-30 16:41:13,198 INFO  org.example.service.BankAccountService - Начата операция списания денежных средств 20.0 со счета 5103cf74-3d2a-45cc-8d06-f78f65a6d64a
2026-09-30 16:41:13,199 INFO  org.example.service.BankAccountService - Завершена операция списания 20.0 со счета 5103cf74-3d2a-45cc-8d06-f78f65a6d64a
2026-09-30 16:41:13,203 INFO  org.example.service.BankAccountService - Начата операция трансфера между 8580af1f-196c-4f95-98dc-872782b33901 и 45c74be0-5bbd-4992-bda8-b16a924ae608 суммы 10.0
2026-09-30 16:41:13,204 INFO  org.example.service.BankAccountService - Операция по переводу средств 10.0 со счета 8580af1f-196c-4f95-98dc-872782b33901 на счет 45c74be0-5bbd-4992-bda8-b16a924ae608 завершена
2026-09-30 16:41:13,207 INFO  org.example.service.BankAccountService - Начата работа по начислению денежных средств 20.0 на счет 257eff48-e89c-404e-bd92-8d9e81a6e2db
2026-09-30 16:41:13,207 INFO  org.example.service.BankAccountService - Денежные средства 20.0 зачислены на счет 257eff48-e89c-404e-bd92-8d9e81a6e2db
2026-09-30 16:41:13,210 INFO  org.example.service.BankAccountService - Начата операция трансфера между e5ea8e2a-bc8a-4599-b0af-21de01a72919 и c625e50d-e7f1-4ba8-b8b0-311b05afb4a4 суммы 0
2026-09-30 16:41:13,210 WARN  org.example.service.BankAccountService - Передано отрицательное значение суммы. Сумма 0, id отправляемого счета e5ea8e2a-bc8a-4599-b0af-21de01a72919
2026-09-30 16:41:13,212 INFO  org.example.service.BankAccountService - Начата операция списания денежных средств 0 со счета 044b4dce-6892-434a-81f9-2f07b130d14d
2026-09-30 16:41:13,212 WARN  org.example.service.BankAccountService - Передана не валидная сумма: 0
2026-09-30 16:41:13,214 INFO  org.example.service.BankAccountService - Начата операция трансфера между 3c7e199d-af76-4a98-b14e-0f8f663c9fc2 и 3c7e199d-af76-4a98-b14e-0f8f663c9fc2 суммы 10.0
2026-09-30 16:41:13,215 WARN  org.example.service.BankAccountService - Попытка отправки на один и тот же счет id 3c7e199d-af76-4a98-b14e-0f8f663c9fc2
2026-09-30 16:41:13,217 INFO  org.example.service.BankAccountService - Начата работа по начислению денежных средств 0 на счет 8a2acb5d-24ca-4ad9-b5b2-0c9ff478969e
2026-09-30 16:41:13,217 WARN  org.example.service.BankAccountService - Передано отрицательное значение суммы. Сумма: 0, счет: 8a2acb5d-24ca-4ad9-b5b2-0c9ff478969e
2026-09-30 16:56:57,667 INFO  org.example.service.BankAccountService - Начата операция списания денежных средств 20.0 со счета 3a4963f4-6fc5-4656-b5d3-70f3c9fe03f6
2026-09-30 16:56:57,669 WARN  org.example.service.BankAccountService - Сумма 20.0 превышает баланс
2026-09-30 16:56:57,675 INFO  org.example.service.BankAccountService - Начата операция списания денежных средств 10.0 со счета 761bb688-3394-4760-a11f-1fdc74c2450b
2026-09-30 16:56:57,678 INFO  org.example.service.BankAccountService - Начата операция трансфера между 3eaad2a3-e619-41b5-93c0-1570621f77c8 и 40017ba4-4fd0-40cd-9c59-9bfa04cff893 суммы 10.0
2026-09-30 16:56:57,680 INFO  org.example.service.BankAccountService - Начата операция трансфера между 7efea713-7b74-4a03-ad92-af943cb14220 и c4116d77-bb6a-4a3f-8ce6-75edcd11ede1 суммы 20.0
2026-09-30 16:56:57,681 WARN  org.example.service.BankAccountService - Превышение возможной суммы списания
2026-09-30 16:56:57,682 INFO  org.example.service.BankAccountService - Начата работа по начислению денежных средств 10.0 на счет d563bc4d-e290-439f-ab72-e6411b3c07c3
2026-09-30 16:56:57,687 INFO  org.example.service.BankAccountService - Начата операция списания денежных средств 20.0 со счета 10923d93-9978-451e-8ab3-5c6e36f25197
2026-09-30 16:56:57,689 INFO  org.example.service.BankAccountService - Завершена операция списания 20.0 со счета 10923d93-9978-451e-8ab3-5c6e36f25197
2026-09-30 16:56:57,691 INFO  org.example.service.BankAccountService - Начата операция трансфера между edcb1234-d2dc-42d3-9bdd-18b8457f3d77 и a4a79824-d087-41c4-9006-e4793bafe941 суммы 10.0
2026-09-30 16:56:57,692 INFO  org.example.service.BankAccountService - Операция по переводу средств 10.0 со счета edcb1234-d2dc-42d3-9bdd-18b8457f3d77 на счет a4a79824-d087-41c4-9006-e4793bafe941 завершена
2026-09-30 16:56:57,694 INFO  org.example.service.BankAccountService - Начата работа по начислению денежных средств 20.0 на счет b2a20d64-6b9e-4179-9db2-988f89344390
2026-09-30 16:56:57,694 INFO  org.example.service.BankAccountService - Денежные средства 20.0 зачислены на счет b2a20d64-6b9e-4179-9db2-988f89344390
2026-09-30 16:56:57,697 INFO  org.example.service.BankAccountService - Начата операция трансфера между cead9af7-9145-4bf4-8dfa-c22793c60546 и 6267c309-89d6-4a1b-9a31-8267944c84c9 суммы 0
2026-09-30 16:56:57,697 WARN  org.example.service.BankAccountService - Передано отрицательное значение суммы. Сумма 0, id отправляемого счета cead9af7-9145-4bf4-8dfa-c22793c60546
2026-09-30 16:56:57,699 INFO  org.example.service.BankAccountService - Начата операция списания денежных средств 0 со счета 1abfa5c0-05ee-4f23-ad73-5f606e7aeffc
2026-09-30 16:56:57,699 WARN  org.example.service.BankAccountService - Передана не валидная сумма: 0
2026-09-30 16:56:57,700 INFO  org.example.service.BankAccountService - Начата операция трансфера между 738ace6c-df36-4ee3-8398-ed01db80b50f и 738ace6c-df36-4ee3-8398-ed01db80b50f суммы 10.0
2026-09-30 16:56:57,700 WARN  org.example.service.BankAccountService - Попытка отправки на один и тот же счет id 738ace6c-df36-4ee3-8398-ed01db80b50f
2026-09-30 16:56:57,702 INFO  org.example.service.BankAccountService - Начата работа по начислению денежных средств 0 на счет 46c737e1-89cf-40ed-b5e2-2de783684b8a
2026-09-30 16:56:57,702 WARN  org.example.service.BankAccountService - Передано отрицательное значение суммы. Сумма: 0, счет: 46c737e1-89cf-40ed-b5e2-2de783684b8a
2026-09-30 16:56:57,723 INFO  org.example.service.PersonService - Начата операция создания счета для пользователя b376e8ad-233f-4ab3-95e0-5aa4556cc224
2026-09-30 16:56:57,723 WARN  org.example.service.PersonService - Пользователь с id b376e8ad-233f-4ab3-95e0-5aa4556cc224 не найден в базе
2026-09-30 16:56:57,725 INFO  org.example.service.PersonService - Начата операция удаления счета
2026-09-30 16:56:57,725 WARN  org.example.service.PersonService - Пользователь id ab6e65f0-61da-4b14-8c8b-67fe211be84f отсутствует в базе
2026-09-30 16:56:57,729 INFO  org.example.service.PersonService - Начата операция по авторизации пользователя login
2026-09-30 16:56:57,731 WARN  org.example.service.PersonService - Пользователь ввел не верный пароль
2026-09-30 16:56:57,734 INFO  org.example.service.PersonService - Начата операция по авторизации пользователя login
2026-09-30 16:56:57,735 INFO  org.example.service.PersonService - Операция по авторизации закончена
2026-09-30 16:56:57,737 INFO  org.example.service.PersonService - Начата операция по авторизации пользователя login
2026-09-30 16:56:57,740 INFO  org.example.service.PersonService - Начата операция по регистрации пользователя
2026-09-30 16:56:57,741 INFO  org.example.service.PersonService - Начата операция по регистрации данных для входа
2026-09-30 16:56:57,928 INFO  org.example.service.PersonService - Пользователь успешно зарегистрирован
2026-09-30 16:56:57,931 INFO  org.example.service.PersonService - Начата операция удаления счета
2026-09-30 16:56:57,931 INFO  org.example.service.PersonService - Счет id ca2e26da-cea0-49ab-873e-05595d921dbf успешно удален
2026-09-30 16:56:57,933 INFO  org.example.service.PersonService - Начата операция создания счета для пользователя 8c52ebf2-8efd-4581-9bc9-14820caf2e1d
2026-09-30 16:56:57,934 INFO  org.example.service.PersonService - Счет успешно зарегистрирован
2026-09-30 17:00:44,025 INFO  org.example.service.BankAccountService - Начата операция списания денежных средств 20.0 со счета 118ea396-4034-4f4b-bb9e-bbe1c494a1a9
2026-09-30 17:00:44,028 WARN  org.example.service.BankAccountService - Сумма 20.0 превышает баланс
2026-09-30 17:00:44,033 INFO  org.example.service.BankAccountService - Начата операция списания денежных средств 10.0 со счета f499f2ed-b3f5-44a0-8bc1-0921a910d123
2026-09-30 17:00:44,036 INFO  org.example.service.BankAccountService - Начата операция трансфера между 436dae86-b8da-402b-a974-7e070d6cd914 и c5fa0eb2-202c-4d1a-96eb-62a1e1ad18f4 суммы 10.0
2026-09-30 17:00:44,038 INFO  org.example.service.BankAccountService - Начата операция трансфера между 652c3639-d2ce-4425-abfa-667859f9aa29 и 71f8b616-830b-495c-a3e4-0cabb4fe921b суммы 20.0
2026-09-30 17:00:44,039 WARN  org.example.service.BankAccountService - Превышение возможной суммы списания
2026-09-30 17:00:44,040 INFO  org.example.service.BankAccountService - Начата работа по начислению денежных средств 10.0 на счет 32e8107a-c43d-45a1-b8da-4c3e2bb5de3a
2026-09-30 17:00:44,044 INFO  org.example.service.BankAccountService - Начата операция списания денежных средств 20.0 со счета 4be7ebe2-035f-4166-b98a-688d3faeb3bc
2026-09-30 17:00:44,045 INFO  org.example.service.BankAccountService - Завершена операция списания 20.0 со счета 4be7ebe2-035f-4166-b98a-688d3faeb3bc
2026-09-30 17:00:44,047 INFO  org.example.service.BankAccountService - Начата операция трансфера между d7758327-b3a7-4cb7-8f5c-901ff31f10ab и 863dab72-7c29-4295-a8fc-55a368dc49e5 суммы 10.0
2026-09-30 17:00:44,048 INFO  org.example.service.BankAccountService - Операция по переводу средств 10.0 со счета d7758327-b3a7-4cb7-8f5c-901ff31f10ab на счет 863dab72-7c29-4295-a8fc-55a368dc49e5 завершена
2026-09-30 17:00:44,050 INFO  org.example.service.BankAccountService - Начата работа по начислению денежных средств 20.0 на счет 90a3f56b-b34c-4405-a711-fac1bc1abc3b
2026-09-30 17:00:44,050 INFO  org.example.service.BankAccountService - Денежные средства 20.0 зачислены на счет 90a3f56b-b34c-4405-a711-fac1bc1abc3b
2026-09-30 17:00:44,053 INFO  org.example.service.BankAccountService - Начата операция трансфера между 12576905-4a14-49d8-ae6c-be189b50e6c6 и 7fdc1f5d-77b7-4cc1-9863-1f18774e0aed суммы 0
2026-09-30 17:00:44,053 WARN  org.example.service.BankAccountService - Передано отрицательное значение суммы. Сумма 0, id отправляемого счета 12576905-4a14-49d8-ae6c-be189b50e6c6
2026-09-30 17:00:44,055 INFO  org.example.service.BankAccountService - Начата операция списания денежных средств 0 со счета bb220eaf-8f6d-442c-8073-e6ffe9f0911e
2026-09-30 17:00:44,055 WARN  org.example.service.BankAccountService - Передана не валидная сумма: 0
2026-09-30 17:00:44,057 INFO  org.example.service.BankAccountService - Начата операция трансфера между 96b2205c-2cc8-4470-ab6a-160146c62f05 и 96b2205c-2cc8-4470-ab6a-160146c62f05 суммы 10.0
2026-09-30 17:00:44,057 WARN  org.example.service.BankAccountService - Попытка отправки на один и тот же счет id 96b2205c-2cc8-4470-ab6a-160146c62f05
2026-09-30 17:00:44,059 INFO  org.example.service.BankAccountService - Начата работа по начислению денежных средств 0 на счет 7a6bcc4a-7af4-4a49-ab7e-72f1f35d5a0a
2026-09-30 17:00:44,059 WARN  org.example.service.BankAccountService - Передано отрицательное значение суммы. Сумма: 0, счет: 7a6bcc4a-7af4-4a49-ab7e-72f1f35d5a0a
2026-09-30 17:00:44,079 INFO  org.example.service.PersonService - Начата операция создания счета для пользователя 47859584-95ed-4a3f-9592-811b1d13e717
2026-09-30 17:00:44,079 WARN  org.example.service.PersonService - Пользователь с id 47859584-95ed-4a3f-9592-811b1d13e717 не найден в базе
2026-09-30 17:00:44,081 INFO  org.example.service.PersonService - Начата операция удаления счета
2026-09-30 17:00:44,081 WARN  org.example.service.PersonService - Пользователь id 59501b6f-b0b0-4d70-989f-1ec8c82974b1 отсутствует в базе
2026-09-30 17:00:44,085 INFO  org.example.service.PersonService - Начата операция по авторизации пользователя login
2026-09-30 17:00:44,087 WARN  org.example.service.PersonService - Пользователь ввел не верный пароль
2026-09-30 17:00:44,090 INFO  org.example.service.PersonService - Начата операция по авторизации пользователя login
2026-09-30 17:00:44,091 INFO  org.example.service.PersonService - Операция по авторизации закончена
2026-09-30 17:00:44,092 INFO  org.example.service.PersonService - Начата операция по авторизации пользователя login
2026-09-30 17:00:44,095 INFO  org.example.service.PersonService - Начата операция по регистрации пользователя
2026-09-30 17:00:44,096 INFO  org.example.service.PersonService - Начата операция по регистрации данных для входа
2026-09-30 17:00:44,271 INFO  org.example.service.PersonService - Пользователь успешно зарегистрирован
2026-09-30 17:00:44,274 INFO  org.example.service.PersonService - Начата операция удаления счета
2026-09-30 17:00:44,274 INFO  org.example.service.PersonService - Счет id af6cdb32-02f2-4512-a290-cd1ab8a9a4cb успешно удален
2026-09-30 17:00:44,276 INFO  org.example.service.PersonService - Начата операция создания счета для пользователя 09da7642-9b4b-449c-9985-cf5e9aced1b4
2026-09-30 17:00:44,276 INFO  org.example.service.PersonService - Счет успешно зарегистрирован
